=== Figure 2 ===
  C:\Users\mbric\Documents\Sook\Ultrasound\sook_ultrasound_rl_summative\logs\plots\report\reward_curves.png
    DQN: 12 configs, best 3 coloured (#3 lr=0.001 buf=50k b=64 tu=2000 eps_f=0.2 [128,128], #2 lr=0.001 buf=50k b=64 tu=2000 eps_f=0.2 [64,64], #10 lr=0.001 buf=10k b=64 tu=2000 eps_f=0.2 [128,128] (abl.))
    REINFORCE: 11 configs, best 3 coloured (#8 lr=0.0001 base=T ent=0, #9 lr=0.0001 base=T ent=0.01, #0 lr=0.001 base=T ent=0)
    A2C: 10 configs, best 3 coloured (#0 lr=0.0007 ns=5 ent=0 lam=1, #9 lr=0.0003 ns=5 ent=0 lam=0.95, #1 lr=0.0007 ns=5 ent=0 lam=0.95)
    PPO: 10 configs, best 3 coloured (#5 lr=0.0003 ns=256 ent=0 clip=0.2, #2 lr=0.0003 ns=128 ent=0.01 clip=0.1, #4 lr=0.0003 ns=256 ent=0 clip=0.1)
=== Figure 3 ===
  C:\Users\mbric\Documents\Sook\Ultrasound\sook_ultrasound_rl_summative\logs\plots\report\dqn_loss.png  (configs plotted: [0, 1, 2, 3, 4, 5, 6, 7, 8, 9, 10, 11])
=== Figure 4 ===
  C:\Users\mbric\Documents\Sook\Ultrasound\sook_ultrasound_rl_summative\logs\plots\report\pg_entropy.png
    coincident REINFORCE pairs overlaid: [(4, 5), (6, 7), (8, 9)]
=== Figure 5 ===
  C:\Users\mbric\Documents\Sook\Ultrasound\sook_ultrasound_rl_summative\logs\plots\report\convergence.png
    best config per algo: {'dqn': 3, 'reinforce': 8, 'a2c': 0, 'ppo': 5}
    timesteps to sustained return>=0 (holds to end of run): {'dqn': None, 'reinforce': 6732, 'a2c': 14578, 'ppo': 14259}
    timesteps to return>=0 held 5 consecutive episodes: {'dqn': 239, 'reinforce': 1469, 'a2c': 161, 'ppo': 190}
    run budget (final cum_timesteps): {'dqn': 14844, 'reinforce': 7507, 'a2c': 14928, 'ppo': 15298}
=== Figure 6 ===
  C:\Users\mbric\Documents\Sook\Ultrasound\sook_ultrasound_rl_summative\logs\plots\report\generalization.png
            condition   n  seed_start  seed_end  success_rate  wilson_lo  wilson_hi  median_terminal_alpha_deg  median_terminal_d_mm  median_terminal_alpha_deg_success  median_terminal_d_mm_success  n_fail  fail_near_miss_freeze  fail_navigation  fail_exhausted_budget  fail_took_a_freeze_action  fail_never_froze  fail_median_freeze_actions  fail_frac_within_alpha_tol  fail_frac_within_d_tol  median_steps
curriculum (radius=8) 100       30000     30099          0.96   0.901629   0.984337                   3.263097              0.310623                           3.099541                      0.278692       4                      1                3                      4                          4                 0                        25.0                    0.500000                0.500000           1.0
    small (radius=20) 100       31000     31099          0.92   0.850019   0.958907                   4.840592              2.938263                           4.081123                      2.491755       8                      3                5                      8                          8                 0                        20.0                    0.250000                0.500000           1.0
   medium (radius=40) 100       32000     32099          0.81   0.722212   0.874852                   6.876581              4.938689                           5.381690                      3.069217      19                      9               10                     19                         19                 0                        26.0                    0.315789                0.368421           1.0
    large (radius=80) 100       33000     33099          0.64   0.542354   0.727288                  11.107564              6.497643                           7.280786                      3.597528      36                     12               24                     36                         36                 0                        24.0                    0.138889                0.333333           1.0
       uniform-random 100       34000     34099          0.05   0.021544   0.111750                  17.806860             58.014205                           2.393573                      7.950981      95                      8               87                     95                         95                 0                        38.0                    0.484211                0.063158          60.0
